// Jest Snapshot v1, https://goo.gl/fbAQLP

exports[`App it renders properly 1`] = `
<div>
  <h2>
    Hello world
  </h2>
  <p>
    props:
    {}
  </p>
</div>
`;
